// Jest Snapshot v1, https://goo.gl/fbAQLP

exports[`renders correcly 1`] = `
<div>
  <div
    class="home-container"
    data-testid="homeContainer"
  >
    <div
      class="home-questions-side"
      data-testid="homeQuestions"
    >
      <div
        class="home-questions-container"
      >
        <div>
          <p
            class="genre-label"
          >
            Hoy me apetece...
          </p>
          <div
            class="MuiInputBase-root MuiOutlinedInput-root MuiInputBase-colorPrimary root-element css-1yk1gt9-MuiInputBase-root-MuiOutlinedInput-root-MuiSelect-root"
          >
            <div
              aria-controls=":r0:"
              aria-expanded="false"
              aria-haspopup="listbox"
              class="MuiSelect-select MuiSelect-outlined MuiInputBase-input MuiOutlinedInput-input css-11u53oe-MuiSelect-select-MuiInputBase-input-MuiOutlinedInput-input"
              role="combobox"
              tabindex="0"
            >
              acción
            </div>
            <input
              aria-hidden="true"
              aria-invalid="false"
              class="MuiSelect-nativeInput css-yf8vq0-MuiSelect-nativeInput"
              tabindex="-1"
              value="acción"
            />
            <svg
              aria-hidden="true"
              class="MuiSvgIcon-root MuiSvgIcon-fontSizeMedium MuiSelect-icon MuiSelect-iconOutlined css-hfutr2-MuiSvgIcon-root-MuiSelect-icon"
              data-testid="ArrowDropDownIcon"
              focusable="false"
              viewBox="0 0 24 24"
            >
              <path
                d="M7 10l5 5 5-5z"
              />
            </svg>
            <fieldset
              aria-hidden="true"
              class="MuiOutlinedInput-notchedOutline css-1d3z3hw-MuiOutlinedInput-notchedOutline"
            >
              <legend
                class="css-ihdtdm"
              >
                <span
                  class="notranslate"
                >
                  ​
                </span>
              </legend>
            </fieldset>
          </div>
        </div>
        <div>
          <p
            class="duration-label"
          >
            y tengo...
          </p>
          <div
            class="MuiInputBase-root MuiOutlinedInput-root MuiInputBase-colorPrimary root-element css-1yk1gt9-MuiInputBase-root-MuiOutlinedInput-root-MuiSelect-root"
          >
            <div
              aria-controls=":r1:"
              aria-expanded="false"
              aria-haspopup="listbox"
              class="MuiSelect-select MuiSelect-outlined MuiInputBase-input MuiOutlinedInput-input css-11u53oe-MuiSelect-select-MuiInputBase-input-MuiOutlinedInput-input"
              role="combobox"
              tabindex="0"
            >
              1.30 h
            </div>
            <input
              aria-hidden="true"
              aria-invalid="false"
              class="MuiSelect-nativeInput css-yf8vq0-MuiSelect-nativeInput"
              tabindex="-1"
              value="short"
            />
            <svg
              aria-hidden="true"
              class="MuiSvgIcon-root MuiSvgIcon-fontSizeMedium MuiSelect-icon MuiSelect-iconOutlined css-hfutr2-MuiSvgIcon-root-MuiSelect-icon"
              data-testid="ArrowDropDownIcon"
              focusable="false"
              viewBox="0 0 24 24"
            >
              <path
                d="M7 10l5 5 5-5z"
              />
            </svg>
            <fieldset
              aria-hidden="true"
              class="MuiOutlinedInput-notchedOutline css-1d3z3hw-MuiOutlinedInput-notchedOutline"
            >
              <legend
                class="css-ihdtdm"
              >
                <span
                  class="notranslate"
                >
                  ​
                </span>
              </legend>
            </fieldset>
          </div>
        </div>
        <div
          class="extra-filters-container"
        >
          <div
            class="extra-filters-text-container"
          >
            <span
              class="extra-filters-text"
            >
              Disponible en... 
            </span>
            <div
              class="extra-filters-icon"
            >
              <svg
                aria-hidden="true"
                class="MuiSvgIcon-root MuiSvgIcon-fontSizeSmall css-ptiqhd-MuiSvgIcon-root"
                data-testid="ArrowDropDownIcon"
                focusable="false"
                viewBox="0 0 24 24"
              >
                <path
                  d="m7 10 5 5 5-5z"
                />
              </svg>
            </div>
          </div>
          <div
            class="MuiToggleButtonGroup-root css-1gjgmky-MuiToggleButtonGroup-root"
            role="group"
            style="visibility: hidden;"
          >
            <button
              aria-label="Disney+"
              aria-pressed="false"
              class="MuiButtonBase-root MuiToggleButton-root MuiToggleButton-sizeSmall MuiToggleButton-standard MuiToggleButtonGroup-grouped MuiToggleButtonGroup-groupedHorizontal css-dex408-MuiButtonBase-root-MuiToggleButton-root"
              tabindex="0"
              type="button"
              value="Disney+"
            >
              <img
                alt="Disney+"
                class="filter-streaming-logo"
                src="disney.jpeg"
              />
            </button>
            <button
              aria-label="Filmin"
              aria-pressed="false"
              class="MuiButtonBase-root MuiToggleButton-root MuiToggleButton-sizeSmall MuiToggleButton-standard MuiToggleButtonGroup-grouped MuiToggleButtonGroup-groupedHorizontal css-dex408-MuiButtonBase-root-MuiToggleButton-root"
              tabindex="0"
              type="button"
              value="Filmin"
            >
              <img
                alt="Filmin"
                class="filter-streaming-logo"
                src="filmin.jpeg"
              />
            </button>
            <button
              aria-label="HBO Max"
              aria-pressed="false"
              class="MuiButtonBase-root MuiToggleButton-root MuiToggleButton-sizeSmall MuiToggleButton-standard MuiToggleButtonGroup-grouped MuiToggleButtonGroup-groupedHorizontal css-dex408-MuiButtonBase-root-MuiToggleButton-root"
              tabindex="0"
              type="button"
              value="HBO Max"
            >
              <img
                alt="HBO Max"
                class="filter-streaming-logo"
                src="hbo-max.jpeg"
              />
            </button>
            <button
              aria-label="MovistarPlus"
              aria-pressed="false"
              class="MuiButtonBase-root MuiToggleButton-root MuiToggleButton-sizeSmall MuiToggleButton-standard MuiToggleButtonGroup-grouped MuiToggleButtonGroup-groupedHorizontal css-dex408-MuiButtonBase-root-MuiToggleButton-root"
              tabindex="0"
              type="button"
              value="MovistarPlus"
            >
              <img
                alt="MovistarPlus"
                class="filter-streaming-logo"
                src="movistar.jpeg"
              />
            </button>
            <button
              aria-label="Netflix"
              aria-pressed="false"
              class="MuiButtonBase-root MuiToggleButton-root MuiToggleButton-sizeSmall MuiToggleButton-standard MuiToggleButtonGroup-grouped MuiToggleButtonGroup-groupedHorizontal css-dex408-MuiButtonBase-root-MuiToggleButton-root"
              tabindex="0"
              type="button"
              value="Netflix"
            >
              <img
                alt="Netflix"
                class="filter-streaming-logo"
                src="netflix.jpeg"
              />
            </button>
            <button
              aria-label="Prime Video"
              aria-pressed="false"
              class="MuiButtonBase-root MuiToggleButton-root MuiToggleButton-sizeSmall MuiToggleButton-standard MuiToggleButtonGroup-grouped MuiToggleButtonGroup-groupedHorizontal css-dex408-MuiButtonBase-root-MuiToggleButton-root"
              tabindex="0"
              type="button"
              value="Prime Video"
            >
              <img
                alt="Prime Video"
                class="filter-streaming-logo"
                src="prime.jpeg"
              />
            </button>
            <button
              aria-label="SkyShowtime"
              aria-pressed="false"
              class="MuiButtonBase-root MuiToggleButton-root MuiToggleButton-sizeSmall MuiToggleButton-standard MuiToggleButtonGroup-grouped MuiToggleButtonGroup-groupedHorizontal css-dex408-MuiButtonBase-root-MuiToggleButton-root"
              tabindex="0"
              type="button"
              value="SkyShowtime"
            >
              <img
                alt="SkyShowtime"
                class="filter-streaming-logo"
                src="sky-showtime.jpeg"
              />
            </button>
          </div>
        </div>
        <div
          class="button-container"
        >
          <button
            class="play-button"
          >
            PLAY
          </button>
        </div>
      </div>
    </div>
    <div
      class="home-movie-side"
      data-testid="homeMovie"
    >
      <div
        class="home-movie-container"
      >
        <div
          class="loader-emoji"
        >
          🍿
        </div>
      </div>
    </div>
  </div>
</div>
`;
